// Jest Snapshot v1, https://goo.gl/fbAQLP

exports[`should render the Calculator Page 1`] = `
<main>
  <div
    className="navbar shadow"
  >
    <div
      className="logo"
    >
      <span>
        Math 
      </span>
      Magician
    </div>
    <div
      className="nav-links"
    >
      <a
        className="nav-link"
        href="/"
        onClick={[Function]}
      >
        Home 
      </a>
      <a
        className="nav-link"
        href="/calculator"
        onClick={[Function]}
      >
        Calculator 
      </a>
      <a
        className="nav-link"
        href="/quote"
        onClick={[Function]}
      >
        Quote 
      </a>
    </div>
  </div>
  <div
    className="welcome"
  >
    Welcome to Math Magicians
  </div>
</main>
`;
