// Jest Snapshot v1, https://goo.gl/fbAQLP

exports[`should render the Home Page 1`] = `
<div
  className="welcome"
>
  Welcome to Math Magicians
</div>
`;
