// Jest Snapshot v1, https://goo.gl/fbAQLP

exports[`should render the Home Page 1`] = `
<div
  className="quote"
>
  " Mathematics in not about numbers, equations, computations, or algorithms: it is about understanding."
  <span>
    William Paul Thurston
  </span>
</div>
`;
